==============================================================================
LARGE-DEVIATION MARCH -- does the s=0.5 transient survive?
==============================================================================
cert: root fresh ||F||max=2.43e-11  cholesky PASS
------------------------------------------------------------------------------
AMP 0.003
  steps 240/240  stop=none  s_peak=0.5  peak=2.4068x  s_transient=13.5
  V: 7.743e-01 -> 5.491e-15   raw: 3.000e-03 -> 1.774e-09
------------------------------------------------------------------------------
AMP 0.01
  steps 240/240  stop=none  s_peak=0.5  peak=2.4504x  s_transient=14.0
  V: 8.603e+00 -> 6.340e-14   raw: 1.000e-02 -> 6.302e-09
------------------------------------------------------------------------------
AMP 0.03
  steps 240/240  stop=none  s_peak=0.5  peak=2.5884x  s_transient=14.75
  V: 7.743e+01 -> 1.642e-12   raw: 3.000e-02 -> 3.263e-08
------------------------------------------------------------------------------
AMP 0.1
  steps 1/240  stop=NONLINEAR ESCAPE (stall)  s_peak=0.25  peak=3.3144x  s_transient=not reached
  V: 8.603e+02 -> 7.470e+02   raw: 1.000e-01 -> 3.314e-01

==============================================================================
VERDICT (pre-registered bar): transient timescale ROBUST -- s_peak in [0.25,0.75] at every valid amp
total wall: 85.4s
