==============================================================================
M1 GATE -- s-march of a perturbed fixed point, S4-structural sign
==============================================================================
grid={'edges': (0.0, 2.0, 15.0, 25.0), 'degs': (10, 20, 8), 'Nb': 16, 'eps_b': 0.001} alpha=-0.3447  ds=0.25 nsteps=80 (s-units=20)  amp=0.001 seed=0  sign=+1.0
root: ||F||_max=4.170e-12  newton_taken=5  c_l=3.01434101  c_w=-1.05737853  root manifold |g1|=1.110e-15 |g2|=8.882e-16 ||RP||_max=2.006e-13
root convergence check (< 1e-9): OK
perturbed start: |z-z*|_rel = 1.000000e-03  [pert confined to corner-clamped admissible class, T5 fix]
------------------------------------------------------------------------------
step   1 (s=  0.25): |dz|_rel=1.354739e-02  Newton r=1.68e-12 it=4  |g1|=4.44e-16 |g2|=6.66e-16 ||RP||=4.51e-13  constraint_residual=4.51e-13  rel_step_growth=1.255e+01  <-- GROWTH VIOLATION
step   2 (s=  0.50): |dz|_rel=1.401194e-02  Newton r=8.01e-13 it=3  |g1|=2.22e-16 |g2|=1.11e-15 ||RP||=1.34e-13  constraint_residual=1.34e-13  rel_step_growth=3.429e-02  <-- GROWTH VIOLATION
step   3 (s=  0.75): |dz|_rel=1.360560e-02  Newton r=1.17e-12 it=3  |g1|=6.66e-16 |g2|=2.22e-16 ||RP||=2.96e-13  constraint_residual=2.96e-13  rel_step_growth=-2.900e-02
step   4 (s=  1.00): |dz|_rel=1.278579e-02  Newton r=1.20e-12 it=3  |g1|=1.11e-15 |g2|=4.44e-16 ||RP||=1.76e-13  constraint_residual=1.76e-13  rel_step_growth=-6.026e-02
step   5 (s=  1.25): |dz|_rel=1.179553e-02  Newton r=4.45e-11 it=2  |g1|=6.66e-16 |g2|=2.22e-16 ||RP||=1.81e-13  constraint_residual=1.81e-13  rel_step_growth=-7.745e-02
step   6 (s=  1.50): |dz|_rel=1.077575e-02  Newton r=2.21e-11 it=2  |g1|=6.66e-16 |g2|=4.44e-16 ||RP||=3.40e-13  constraint_residual=3.40e-13  rel_step_growth=-8.645e-02
step   7 (s=  1.75): |dz|_rel=9.817419e-03  Newton r=1.47e-11 it=2  |g1|=4.44e-16 |g2|=4.44e-16 ||RP||=1.75e-13  constraint_residual=1.75e-13  rel_step_growth=-8.893e-02
step   8 (s=  2.00): |dz|_rel=8.988652e-03  Newton r=1.04e-11 it=2  |g1|=1.11e-15 |g2|=2.00e-15 ||RP||=1.83e-13  constraint_residual=1.83e-13  rel_step_growth=-8.442e-02
step   9 (s=  2.25): |dz|_rel=8.348917e-03  Newton r=7.16e-12 it=2  |g1|=2.22e-16 |g2|=1.55e-15 ||RP||=3.50e-13  constraint_residual=3.50e-13  rel_step_growth=-7.117e-02
step  10 (s=  2.50): |dz|_rel=7.951658e-03  Newton r=5.39e-12 it=2  |g1|=6.66e-16 |g2|=4.44e-16 ||RP||=1.18e-13  constraint_residual=1.18e-13  rel_step_growth=-4.758e-02
step  11 (s=  2.75): |dz|_rel=7.834381e-03  Newton r=4.14e-12 it=2  |g1|=8.88e-16 |g2|=6.66e-16 ||RP||=1.60e-13  constraint_residual=1.60e-13  rel_step_growth=-1.475e-02
step  12 (s=  3.00): |dz|_rel=8.002733e-03  Newton r=2.95e-12 it=2  |g1|=2.22e-16 |g2|=1.11e-15 ||RP||=3.82e-13  constraint_residual=3.82e-13  rel_step_growth=2.149e-02  <-- GROWTH VIOLATION
step  13 (s=  3.25): |dz|_rel=8.423586e-03  Newton r=2.09e-12 it=2  |g1|=2.22e-16 |g2|=1.78e-15 ||RP||=1.17e-13  constraint_residual=1.17e-13  rel_step_growth=5.259e-02  <-- GROWTH VIOLATION
step  14 (s=  3.50): |dz|_rel=9.035000e-03  Newton r=1.63e-12 it=2  |g1|=2.22e-16 |g2|=0.00e+00 ||RP||=2.38e-13  constraint_residual=2.38e-13  rel_step_growth=7.258e-02  <-- GROWTH VIOLATION
step  15 (s=  3.75): |dz|_rel=9.764208e-03  Newton r=8.59e-13 it=2  |g1|=2.22e-16 |g2|=4.44e-16 ||RP||=2.68e-13  constraint_residual=2.68e-13  rel_step_growth=8.071e-02  <-- GROWTH VIOLATION
step  16 (s=  4.00): |dz|_rel=1.054140e-02  Newton r=9.04e-13 it=2  |g1|=4.44e-16 |g2|=6.66e-16 ||RP||=2.36e-13  constraint_residual=2.36e-13  rel_step_growth=7.960e-02  <-- GROWTH VIOLATION
step  17 (s=  4.25): |dz|_rel=1.130586e-02  Newton r=1.16e-12 it=2  |g1|=2.22e-16 |g2|=4.44e-16 ||RP||=2.60e-13  constraint_residual=2.60e-13  rel_step_growth=7.252e-02  <-- GROWTH VIOLATION
step  18 (s=  4.50): |dz|_rel=1.200712e-02  Newton r=2.06e-12 it=2  |g1|=6.66e-16 |g2|=6.66e-16 ||RP||=2.16e-13  constraint_residual=2.16e-13  rel_step_growth=6.203e-02  <-- GROWTH VIOLATION
step  19 (s=  4.75): |dz|_rel=1.260423e-02  Newton r=3.21e-12 it=2  |g1|=2.22e-16 |g2|=6.66e-16 ||RP||=1.25e-13  constraint_residual=1.25e-13  rel_step_growth=4.973e-02  <-- GROWTH VIOLATION
step  20 (s=  5.00): |dz|_rel=1.306458e-02  Newton r=4.70e-12 it=2  |g1|=2.22e-16 |g2|=6.66e-16 ||RP||=3.39e-13  constraint_residual=3.39e-13  rel_step_growth=3.652e-02  <-- GROWTH VIOLATION
step  21 (s=  5.25): |dz|_rel=1.336310e-02  Newton r=6.34e-12 it=2  |g1|=1.11e-15 |g2|=6.66e-16 ||RP||=1.74e-13  constraint_residual=1.74e-13  rel_step_growth=2.285e-02  <-- GROWTH VIOLATION
step  22 (s=  5.50): |dz|_rel=1.348174e-02  Newton r=8.13e-12 it=2  |g1|=6.66e-16 |g2|=2.22e-16 ||RP||=1.03e-13  constraint_residual=1.03e-13  rel_step_growth=8.878e-03  <-- GROWTH VIOLATION
step  23 (s=  5.75): |dz|_rel=1.340943e-02  Newton r=9.52e-12 it=2  |g1|=0.00e+00 |g2|=6.66e-16 ||RP||=1.88e-13  constraint_residual=1.88e-13  rel_step_growth=-5.364e-03
step  24 (s=  6.00): |dz|_rel=1.314238e-02  Newton r=9.86e-12 it=2  |g1|=2.00e-15 |g2|=8.88e-16 ||RP||=3.04e-13  constraint_residual=3.04e-13  rel_step_growth=-1.991e-02
step  25 (s=  6.25): |dz|_rel=1.268501e-02  Newton r=1.11e-11 it=2  |g1|=1.55e-15 |g2|=2.22e-16 ||RP||=1.70e-13  constraint_residual=1.70e-13  rel_step_growth=-3.480e-02
step  26 (s=  6.50): |dz|_rel=1.205149e-02  Newton r=1.28e-11 it=2  |g1|=1.33e-15 |g2|=1.11e-15 ||RP||=1.68e-13  constraint_residual=1.68e-13  rel_step_growth=-4.994e-02
step  27 (s=  6.75): |dz|_rel=1.126867e-02  Newton r=1.38e-11 it=2  |g1|=0.00e+00 |g2|=4.44e-16 ||RP||=2.20e-13  constraint_residual=2.20e-13  rel_step_growth=-6.496e-02
step  28 (s=  7.00): |dz|_rel=1.038079e-02  Newton r=1.34e-11 it=2  |g1|=2.22e-16 |g2|=2.22e-16 ||RP||=1.55e-13  constraint_residual=1.55e-13  rel_step_growth=-7.879e-02
step  29 (s=  7.25): |dz|_rel=9.457173e-03  Newton r=1.35e-11 it=2  |g1|=2.22e-16 |g2|=8.88e-16 ||RP||=1.56e-13  constraint_residual=1.56e-13  rel_step_growth=-8.897e-02
step  30 (s=  7.50): |dz|_rel=8.602549e-03  Newton r=1.42e-11 it=2  |g1|=6.66e-16 |g2|=4.44e-16 ||RP||=3.07e-13  constraint_residual=3.07e-13  rel_step_growth=-9.037e-02
step  31 (s=  7.75): |dz|_rel=7.963889e-03  Newton r=1.84e-11 it=2  |g1|=8.88e-16 |g2|=4.44e-16 ||RP||=1.79e-13  constraint_residual=1.79e-13  rel_step_growth=-7.424e-02
step  32 (s=  8.00): |dz|_rel=7.712328e-03  Newton r=2.22e-11 it=2  |g1|=2.22e-16 |g2|=6.66e-16 ||RP||=1.40e-13  constraint_residual=1.40e-13  rel_step_growth=-3.159e-02
step  33 (s=  8.25): |dz|_rel=7.975804e-03  Newton r=2.36e-11 it=2  |g1|=2.22e-16 |g2|=0.00e+00 ||RP||=2.22e-13  constraint_residual=2.22e-13  rel_step_growth=3.416e-02  <-- GROWTH VIOLATION
step  34 (s=  8.50): |dz|_rel=8.762073e-03  Newton r=2.20e-11 it=2  |g1|=1.11e-15 |g2|=8.88e-16 ||RP||=1.71e-13  constraint_residual=1.71e-13  rel_step_growth=9.858e-02  <-- GROWTH VIOLATION
step  35 (s=  8.75): |dz|_rel=9.964994e-03  Newton r=1.94e-11 it=2  |g1|=6.66e-16 |g2|=4.44e-16 ||RP||=2.06e-13  constraint_residual=2.06e-13  rel_step_growth=1.373e-01  <-- GROWTH VIOLATION
step  36 (s=  9.00): |dz|_rel=1.143873e-02  Newton r=1.94e-11 it=2  |g1|=1.33e-15 |g2|=2.22e-16 ||RP||=1.66e-13  constraint_residual=1.66e-13  rel_step_growth=1.479e-01  <-- GROWTH VIOLATION
step  37 (s=  9.25): |dz|_rel=1.305129e-02  Newton r=1.66e-11 it=2  |g1|=1.55e-15 |g2|=2.22e-15 ||RP||=2.32e-13  constraint_residual=2.32e-13  rel_step_growth=1.410e-01  <-- GROWTH VIOLATION
step  38 (s=  9.50): |dz|_rel=1.469763e-02  Newton r=1.17e-11 it=2  |g1|=6.66e-16 |g2|=4.44e-16 ||RP||=1.48e-13  constraint_residual=1.48e-13  rel_step_growth=1.261e-01  <-- GROWTH VIOLATION
step  39 (s=  9.75): |dz|_rel=1.629562e-02  Newton r=5.59e-12 it=2  |g1|=4.44e-16 |g2|=2.22e-16 ||RP||=1.58e-13  constraint_residual=1.58e-13  rel_step_growth=1.087e-01  <-- GROWTH VIOLATION
step  40 (s= 10.00): |dz|_rel=1.777974e-02  Newton r=2.75e-12 it=2  |g1|=4.44e-16 |g2|=4.44e-16 ||RP||=2.37e-13  constraint_residual=2.37e-13  rel_step_growth=9.108e-02  <-- GROWTH VIOLATION
step  41 (s= 10.25): |dz|_rel=1.909680e-02  Newton r=7.48e-12 it=2  |g1|=2.22e-16 |g2|=1.33e-15 ||RP||=1.03e-13  constraint_residual=1.03e-13  rel_step_growth=7.408e-02  <-- GROWTH VIOLATION
step  42 (s= 10.50): |dz|_rel=2.020345e-02  Newton r=1.45e-11 it=2  |g1|=0.00e+00 |g2|=2.22e-16 ||RP||=1.55e-13  constraint_residual=1.55e-13  rel_step_growth=5.795e-02  <-- GROWTH VIOLATION
step  43 (s= 10.75): |dz|_rel=2.106499e-02  Newton r=2.23e-11 it=2  |g1|=2.22e-16 |g2|=0.00e+00 ||RP||=2.20e-13  constraint_residual=2.20e-13  rel_step_growth=4.264e-02  <-- GROWTH VIOLATION
step  44 (s= 11.00): |dz|_rel=2.165496e-02  Newton r=3.06e-11 it=2  |g1|=2.22e-16 |g2|=1.33e-15 ||RP||=1.56e-13  constraint_residual=1.56e-13  rel_step_growth=2.801e-02  <-- GROWTH VIOLATION
step  45 (s= 11.25): |dz|_rel=2.195511e-02  Newton r=3.87e-11 it=2  |g1|=2.22e-16 |g2|=1.33e-15 ||RP||=3.45e-13  constraint_residual=3.45e-13  rel_step_growth=1.386e-02  <-- GROWTH VIOLATION
step  46 (s= 11.50): |dz|_rel=2.195564e-02  Newton r=4.50e-11 it=2  |g1|=6.66e-16 |g2|=8.88e-16 ||RP||=1.43e-13  constraint_residual=1.43e-13  rel_step_growth=2.393e-05  <-- GROWTH VIOLATION
step  47 (s= 11.75): |dz|_rel=2.165559e-02  Newton r=4.67e-11 it=2  |g1|=4.44e-16 |g2|=2.22e-16 ||RP||=1.57e-13  constraint_residual=1.57e-13  rel_step_growth=-1.367e-02
step  48 (s= 12.00): |dz|_rel=2.106355e-02  Newton r=5.66e-11 it=2  |g1|=2.22e-16 |g2|=2.22e-16 ||RP||=4.17e-13  constraint_residual=4.17e-13  rel_step_growth=-2.734e-02
step  49 (s= 12.25): |dz|_rel=2.019869e-02  Newton r=6.56e-11 it=2  |g1|=2.22e-16 |g2|=1.55e-15 ||RP||=1.93e-13  constraint_residual=1.93e-13  rel_step_growth=-4.106e-02
step  50 (s= 12.50): |dz|_rel=1.909250e-02  Newton r=7.23e-11 it=2  |g1|=1.11e-15 |g2|=6.66e-16 ||RP||=2.94e-13  constraint_residual=2.94e-13  rel_step_growth=-5.477e-02
step  51 (s= 12.75): |dz|_rel=1.779167e-02  Newton r=7.35e-11 it=2  |g1|=2.22e-16 |g2|=4.44e-16 ||RP||=2.18e-13  constraint_residual=2.18e-13  rel_step_growth=-6.813e-02
step  52 (s= 13.00): |dz|_rel=1.636291e-02  Newton r=6.97e-11 it=2  |g1|=0.00e+00 |g2|=2.22e-16 ||RP||=2.65e-13  constraint_residual=2.65e-13  rel_step_growth=-8.030e-02
step  53 (s= 13.25): |dz|_rel=1.490045e-02  Newton r=6.59e-11 it=2  |g1|=6.66e-16 |g2|=2.66e-15 ||RP||=3.38e-13  constraint_residual=3.38e-13  rel_step_growth=-8.938e-02
step  54 (s= 13.50): |dz|_rel=1.353594e-02  Newton r=5.89e-11 it=2  |g1|=6.66e-16 |g2|=4.44e-16 ||RP||=1.55e-13  constraint_residual=1.55e-13  rel_step_growth=-9.158e-02
step  55 (s= 13.75): |dz|_rel=1.244508e-02  Newton r=6.13e-11 it=2  |g1|=2.22e-16 |g2|=6.66e-16 ||RP||=3.80e-13  constraint_residual=3.80e-13  rel_step_growth=-8.059e-02
step  56 (s= 14.00): |dz|_rel=1.183257e-02  Newton r=6.02e-11 it=2  |g1|=4.44e-16 |g2|=6.66e-16 ||RP||=2.22e-13  constraint_residual=2.22e-13  rel_step_growth=-4.922e-02
step  57 (s= 14.25): |dz|_rel=1.186998e-02  Newton r=6.71e-11 it=2  |g1|=2.22e-16 |g2|=0.00e+00 ||RP||=1.48e-13  constraint_residual=1.48e-13  rel_step_growth=3.161e-03  <-- GROWTH VIOLATION
step  58 (s= 14.50): |dz|_rel=1.260752e-02  Newton r=6.81e-11 it=2  |g1|=2.22e-16 |g2|=6.66e-16 ||RP||=1.32e-13  constraint_residual=1.32e-13  rel_step_growth=6.214e-02  <-- GROWTH VIOLATION
step  59 (s= 14.75): |dz|_rel=1.395004e-02  Newton r=6.30e-11 it=2  |g1|=0.00e+00 |g2|=8.88e-16 ||RP||=3.35e-13  constraint_residual=3.35e-13  rel_step_growth=1.065e-01  <-- GROWTH VIOLATION
step  60 (s= 15.00): |dz|_rel=1.572492e-02  Newton r=6.01e-11 it=2  |g1|=2.22e-16 |g2|=4.44e-16 ||RP||=1.62e-13  constraint_residual=1.62e-13  rel_step_growth=1.272e-01  <-- GROWTH VIOLATION
step  61 (s= 15.25): |dz|_rel=1.775850e-02  Newton r=5.58e-11 it=2  |g1|=6.66e-16 |g2|=1.11e-15 ||RP||=1.30e-13  constraint_residual=1.30e-13  rel_step_growth=1.293e-01  <-- GROWTH VIOLATION
step  62 (s= 15.50): |dz|_rel=1.990829e-02  Newton r=4.67e-11 it=2  |g1|=2.22e-16 |g2|=2.22e-16 ||RP||=1.28e-13  constraint_residual=1.28e-13  rel_step_growth=1.211e-01  <-- GROWTH VIOLATION
step  63 (s= 15.75): |dz|_rel=2.206431e-02  Newton r=3.43e-11 it=2  |g1|=4.44e-16 |g2|=6.66e-16 ||RP||=1.47e-13  constraint_residual=1.47e-13  rel_step_growth=1.083e-01  <-- GROWTH VIOLATION
step  64 (s= 16.00): |dz|_rel=2.414138e-02  Newton r=2.08e-11 it=2  |g1|=2.22e-16 |g2|=4.44e-16 ||RP||=1.31e-13  constraint_residual=1.31e-13  rel_step_growth=9.414e-02  <-- GROWTH VIOLATION
step  65 (s= 16.25): |dz|_rel=2.607173e-02  Newton r=8.04e-12 it=2  |g1|=0.00e+00 |g2|=0.00e+00 ||RP||=1.88e-13  constraint_residual=1.88e-13  rel_step_growth=7.996e-02  <-- GROWTH VIOLATION
step  66 (s= 16.50): |dz|_rel=2.779988e-02  Newton r=8.20e-12 it=2  |g1|=1.11e-15 |g2|=6.66e-16 ||RP||=1.65e-13  constraint_residual=1.65e-13  rel_step_growth=6.628e-02  <-- GROWTH VIOLATION
step  67 (s= 16.75): |dz|_rel=2.927943e-02  Newton r=2.15e-11 it=2  |g1|=1.11e-15 |g2|=4.44e-16 ||RP||=1.96e-13  constraint_residual=1.96e-13  rel_step_growth=5.322e-02  <-- GROWTH VIOLATION
step  68 (s= 17.00): |dz|_rel=3.047122e-02  Newton r=4.11e-11 it=2  |g1|=8.88e-16 |g2|=8.88e-16 ||RP||=2.42e-13  constraint_residual=2.42e-13  rel_step_growth=4.070e-02  <-- GROWTH VIOLATION
step  69 (s= 17.25): |dz|_rel=3.134224e-02  Newton r=6.60e-11 it=2  |g1|=6.66e-16 |g2|=8.88e-16 ||RP||=2.65e-13  constraint_residual=2.65e-13  rel_step_growth=2.859e-02  <-- GROWTH VIOLATION
step  70 (s= 17.50): |dz|_rel=3.186531e-02  Newton r=9.53e-11 it=2  |g1|=0.00e+00 |g2|=6.66e-16 ||RP||=2.27e-13  constraint_residual=2.27e-13  rel_step_growth=1.669e-02  <-- GROWTH VIOLATION
step  71 (s= 17.75): |dz|_rel=3.201910e-02  Newton r=6.75e-13 it=3  |g1|=2.22e-16 |g2|=2.22e-16 ||RP||=1.68e-13  constraint_residual=1.68e-13  rel_step_growth=4.826e-03  <-- GROWTH VIOLATION
step  72 (s= 18.00): |dz|_rel=3.178868e-02  Newton r=8.13e-13 it=3  |g1|=2.22e-16 |g2|=6.66e-16 ||RP||=1.18e-13  constraint_residual=1.18e-13  rel_step_growth=-7.196e-03
step  73 (s= 18.25): |dz|_rel=3.116651e-02  Newton r=7.10e-13 it=3  |g1|=6.66e-16 |g2|=2.22e-16 ||RP||=1.44e-13  constraint_residual=1.44e-13  rel_step_growth=-1.957e-02
step  74 (s= 18.50): |dz|_rel=3.015409e-02  Newton r=1.32e-12 it=3  |g1|=1.11e-15 |g2|=4.44e-16 ||RP||=1.19e-13  constraint_residual=1.19e-13  rel_step_growth=-3.248e-02
step  75 (s= 18.75): |dz|_rel=2.876461e-02  Newton r=5.26e-13 it=3  |g1|=6.66e-16 |g2|=6.66e-16 ||RP||=2.49e-13  constraint_residual=2.49e-13  rel_step_growth=-4.608e-02
step  76 (s= 19.00): |dz|_rel=2.702693e-02  Newton r=5.05e-13 it=3  |g1|=2.22e-16 |g2|=6.66e-16 ||RP||=1.38e-13  constraint_residual=1.38e-13  rel_step_growth=-6.041e-02
step  77 (s= 19.25): |dz|_rel=2.499212e-02  Newton r=7.60e-13 it=3  |g1|=0.00e+00 |g2|=2.22e-16 ||RP||=2.67e-13  constraint_residual=2.67e-13  rel_step_growth=-7.529e-02
step  78 (s= 19.50): |dz|_rel=2.274398e-02  Newton r=3.20e-13 it=3  |g1|=2.22e-16 |g2|=1.55e-15 ||RP||=1.13e-13  constraint_residual=1.13e-13  rel_step_growth=-8.995e-02
step  79 (s= 19.75): |dz|_rel=2.041644e-02  Newton r=8.52e-13 it=3  |g1|=6.66e-16 |g2|=8.88e-16 ||RP||=1.40e-13  constraint_residual=1.40e-13  rel_step_growth=-1.023e-01
step  80 (s= 20.00): |dz|_rel=1.821971e-02  Newton r=4.43e-13 it=3  |g1|=2.22e-16 |g2|=6.66e-16 ||RP||=4.43e-13  constraint_residual=4.43e-13  rel_step_growth=-1.076e-01
------------------------------------------------------------------------------
steps completed: 80/80  (s covered = 20 of 20)
|dz|_rel: 1.000000e-03 -> 1.821971e-02  (ratio 1.822e+01)
peak |dz|_rel = 3.201910e-02 at step 71 (s=17.75), = 3.202e+01x initial
max constraint_residual over run: 4.505e-13  (solver step_tol=1.0e-10)
growth violations (rel_growth > 1e-12): 42 of 80 steps
  first violation: step 1 (s=0.25)  1.000000e-03 -> 1.354739e-02  rel_growth=1.255e+01
  last violation:  step 71 (s=17.75)
wall time: 105.1 s

VERDICT: FAIL  (S4-structural sign +1.0, ker(Cg) reduced correction, grid={'edges': (0.0, 2.0, 15.0, 25.0), 'degs': (10, 20, 8), 'Nb': 16, 'eps_b': 0.001})
FAIL -- M1 s-march does not pass: sustained growth/oscillation, no monotone contraction.
