==============================================================================
M4 sigma_Lambda(nu) -- cross-grid spread, 2x2 instrument factorial
==============================================================================
bar: spread < 0.15 at two viscosities (DONE.md M4).  certified combo: G1 (signed viscous gate, SIGMA_LAMBDA.md) + W1 (common-amplitude overlap).  bootstrap 10000, seed 271828.

------------------------------------------------------------------------------
G0 unsigned gate + W0 full windows
      nu      grid    n     sigma               95% CI   spread
   0e+00   128x384   40    1.0126 [  0.9313,  1.1358]
   0e+00   256x768   45    0.8660 [  0.7946,  0.9825]
            SPREAD         0.1466
   1e-04   128x384   43   -0.4322 [ -0.6609, -0.1336]
   1e-04   256x768   49   -0.6574 [ -0.8201, -0.4309]
            SPREAD         0.2251
   1e-03   128x384   48   -0.5736 [ -0.7785, -0.3229]
   1e-03   256x768   49   -0.5278 [ -0.7197, -0.2760]
            SPREAD         0.0458

------------------------------------------------------------------------------
G0 unsigned gate + W1 overlap window
      nu      grid    n     sigma               95% CI   spread
   0e+00   128x384   39    1.0159 [  0.9332,  1.1463]
   0e+00   256x768   40    1.0329 [  0.9527,  1.1613]
            SPREAD         0.0170
   1e-04   128x384   42   -0.5000 [ -0.7091, -0.2250]
   1e-04   256x768   43   -0.3301 [ -0.5593,  0.0036]
            SPREAD         0.1700
   1e-03   128x384   47   -0.6315 [ -0.8185, -0.4081]
   1e-03   256x768   48   -0.4828 [ -0.6850, -0.2220]
            SPREAD         0.1487

------------------------------------------------------------------------------
G1 signed gate + W0 full windows
      nu      grid    n     sigma               95% CI   spread
   0e+00   128x384   40    1.0126 [  0.9345,  1.1358]
   0e+00   256x768   45    0.8660 [  0.7971,  0.9805]
            SPREAD         0.1466
   1e-04   128x384   43   -0.4322 [ -0.6574, -0.1232]
   1e-04   256x768   49   -0.6574 [ -0.8247, -0.4338]
            SPREAD         0.2251
   1e-03   128x384   48   -0.5736 [ -0.7742, -0.3197]
   1e-03   256x768   49   -0.5278 [ -0.7249, -0.2777]
            SPREAD         0.0458

------------------------------------------------------------------------------
G1 signed gate + W1 overlap window
      nu      grid    n     sigma               95% CI   spread
   0e+00   128x384   39    1.0159 [  0.9321,  1.1464]
   0e+00   256x768   40    1.0329 [  0.9520,  1.1600]
            SPREAD         0.0170
   1e-04   128x384   42   -0.5000 [ -0.7091, -0.2341]
   1e-04   256x768   43   -0.3301 [ -0.5636,  0.0069]
            SPREAD         0.1700
   1e-03   128x384   47   -0.6315 [ -0.8140, -0.4089]
   1e-03   256x768   48   -0.4828 [ -0.6858, -0.2181]
            SPREAD         0.1487

==============================================================================
VERDICT (certified combo: G1 signed gate + W1 overlap window)
==============================================================================
nu=0.0001: sigma = -0.5000 (128x384) / -0.3301 (256x768)  spread 0.1700 >= 0.15 FAIL
nu=0.001: sigma = -0.6315 (128x384) / -0.4828 (256x768)  spread 0.1487 < 0.15 OK
nu=0 reference: sigma = +1.0159 / +1.0329 (inviscid calibration, spread 0.0170)

M4 TEST: FAIL -- spread bar not met under the certified combo; sigma_grid_spread.txt NOT written. The factorial table above records where the spread lives.
rows saved: m4_sigma_rows.npz
total wall: 8.3s
