
=== N = 28 ============================================================
  d2 N=28 eps_b= 1.00e-03 ok  ||F||= 2.54e-14 alpha=-0.34187584 vs_ref= +0.153% d_cl= +9.129% diff= -0.1671%
  d1 N=28 eps_b= 1.00e-03 ok  ||F||= 2.65e-14 alpha=-0.33273323 vs_ref= +2.823% d_cl=-10.765% diff= -2.5193%
  d1 N=28 eps_b= 6.00e-04 ok  ||F||= 5.55e-15 alpha=-0.33218814 vs_ref= +2.982% d_cl= -9.498% diff= -2.6992%
  d1 N=28 eps_b= 4.00e-04 ok  ||F||= 6.02e-14 alpha=-0.33190803 vs_ref= +3.064% d_cl= -8.852% diff= -2.7930%
  d1 N=28 eps_b= 3.00e-04 ok  ||F||= 4.28e-14 alpha=-0.33176592 vs_ref= +3.106% d_cl= -8.526% diff= -2.8410%
  d1 N=28 eps_b= 2.00e-04 ok  ||F||= 2.02e-14 alpha=-0.33162237 vs_ref= +3.148% d_cl= -8.199% diff= -2.8896%
  d1 N=28 eps_b= 1.50e-04 ok  ||F||= 5.68e-15 alpha=-0.33155005 vs_ref= +3.169% d_cl= -8.034% diff= -2.9142%
  d1 N=28 eps_b= 1.00e-04 ok  ||F||= 2.01e-14 alpha=-0.33147734 vs_ref= +3.190% d_cl= -7.869% diff= -2.9390%
  d1 N=28 eps_b= 7.00e-05 ok  ||F||= 2.65e-14 alpha=-0.33143353 vs_ref= +3.203% d_cl= -7.770% diff= -2.9540%
  d1 N=28 eps_b= 5.00e-05 ok  ||F||= 9.81e-15 alpha=-0.33140425 vs_ref= +3.211% d_cl= -7.704% diff= -2.9640%
  d1 N=28 eps_b= 3.00e-05 ok  ||F||= 9.42e-15 alpha=-0.33137490 vs_ref= +3.220% d_cl= -7.637% diff= -2.9741%
  d1 N=28 eps_b= 2.00e-05 ok  ||F||= 4.78e-15 alpha=-0.33136021 vs_ref= +3.224% d_cl= -7.604% diff= -2.9791%
  d1 N=28 eps_b= 1.00e-05 ok  ||F||= 4.96e-14 alpha=-0.33134549 vs_ref= +3.229% d_cl= -7.571% diff= -2.9841%
  N=28: eps_b->0  linear=-0.33133082 (+3.233%)  quadratic=-0.33133077 (+3.233%)  [extrap err bar ~ 5.61e-08]

=== N = 36 ============================================================
  d2 N=36 eps_b= 1.00e-03 ok  ||F||= 5.86e-14 alpha=-0.34210807 vs_ref= +0.085% d_cl= +1.885% diff= -0.0869%
  d1 N=36 eps_b= 1.00e-03 ok  ||F||= 1.97e-14 alpha=-0.34936411 vs_ref= -2.034% d_cl= +2.786% diff= +2.0906%
  d1 N=36 eps_b= 6.00e-04 ok  ||F||= 3.84e-14 alpha=-0.35015030 vs_ref= -2.263% d_cl= +5.735% diff= +2.3933%
  d1 N=36 eps_b= 4.00e-04 ok  ||F||= 9.36e-14 alpha=-0.35048998 vs_ref= -2.363% d_cl= +7.250% diff= +2.5340%
  d1 N=36 eps_b= 3.00e-04 ok  ||F||= 1.06e-13 alpha=-0.35064830 vs_ref= -2.409% d_cl= +8.019% diff= +2.6021%
  d1 N=36 eps_b= 2.00e-04 ok  ||F||= 7.60e-14 alpha=-0.35079952 vs_ref= -2.453% d_cl= +8.796% diff= +2.6689%
  d1 N=36 eps_b= 1.50e-04 ok  ||F||= 1.81e-13 alpha=-0.35087257 vs_ref= -2.474% d_cl= +9.188% diff= +2.7018%
  d1 N=36 eps_b= 1.00e-04 ok  ||F||= 1.42e-13 alpha=-0.35094399 vs_ref= -2.495% d_cl= +9.581% diff= +2.7344%
  d1 N=36 eps_b= 7.00e-05 ok  ||F||= 9.23e-14 alpha=-0.35098607 vs_ref= -2.508% d_cl= +9.819% diff= +2.7538%
  d1 N=36 eps_b= 5.00e-05 ok  ||F||= 9.81e-14 alpha=-0.35101381 vs_ref= -2.516% d_cl= +9.977% diff= +2.7667%
  d1 N=36 eps_b= 3.00e-05 ok  ||F||= 6.98e-14 alpha=-0.35104130 vs_ref= -2.524% d_cl=+10.136% diff= +2.7795%
  d1 N=36 eps_b= 2.00e-05 ok  ||F||= 2.21e-13 alpha=-0.35105495 vs_ref= -2.528% d_cl=+10.216% diff= +2.7859%
  d1 N=36 eps_b= 1.00e-05 ok  ||F||= 1.60e-13 alpha=-0.35106854 vs_ref= -2.532% d_cl=+10.295% diff= +2.7923%
  N=36: eps_b->0  linear=-0.35108229 (-2.536%)  quadratic=-0.35108207 (-2.536%)  [extrap err bar ~ 2.24e-07]

=== N = 44 ============================================================
  d2 N=44 eps_b= 1.00e-03 ok  ||F||= 3.11e-13 alpha=-0.33781927 vs_ref= +1.338% d_cl= +3.710% diff= -1.3875%
  d1 N=44 eps_b= 1.00e-03 ok  ||F||= 8.35e-13 alpha=-0.33465017 vs_ref= +2.263% d_cl= -7.143% diff= -2.1017%
  d1 N=44 eps_b= 6.00e-04 ok  ||F||= 2.95e-13 alpha=-0.33344916 vs_ref= +2.614% d_cl= -5.710% diff= -2.4649%
  d1 N=44 eps_b= 4.00e-04 ok  ||F||= 4.34e-13 alpha=-0.33283395 vs_ref= +2.794% d_cl= -4.991% diff= -2.6544%
  d1 N=44 eps_b= 3.00e-04 ok  ||F||= 5.38e-13 alpha=-0.33252185 vs_ref= +2.885% d_cl= -4.631% diff= -2.7514%
  d1 N=44 eps_b= 2.00e-04 ok  ||F||= 1.65e-13 alpha=-0.33220642 vs_ref= +2.977% d_cl= -4.271% diff= -2.8500%
  d1 N=44 eps_b= 1.50e-04 ok  ||F||= 9.27e-13 alpha=-0.33204736 vs_ref= +3.024% d_cl= -4.092% diff= -2.8999%
  d1 N=44 eps_b= 1.00e-04 ok  ||F||= 4.51e-13 alpha=-0.33188737 vs_ref= +3.070% d_cl= -3.912% diff= -2.9502%
  d1 N=44 eps_b= 7.00e-05 ok  ||F||= 2.72e-13 alpha=-0.33179093 vs_ref= +3.098% d_cl= -3.804% diff= -2.9806%
  d1 N=44 eps_b= 5.00e-05 ok  ||F||= 1.86e-13 alpha=-0.33172643 vs_ref= +3.117% d_cl= -3.732% diff= -3.0010%
  d1 N=44 eps_b= 3.00e-05 ok  ||F||= 3.06e-13 alpha=-0.33166177 vs_ref= +3.136% d_cl= -3.660% diff= -3.0214%
  d1 N=44 eps_b= 2.00e-05 ok  ||F||= 2.59e-13 alpha=-0.33162938 vs_ref= +3.146% d_cl= -3.624% diff= -3.0316%
  d1 N=44 eps_b= 1.00e-05 ok  ||F||= 2.69e-13 alpha=-0.33159695 vs_ref= +3.155% d_cl= -3.589% diff= -3.0419%
  N=44: eps_b->0  linear=-0.33156463 (+3.165%)  quadratic=-0.33156449 (+3.165%)  [extrap err bar ~ 1.43e-07]

=== N = 52 ============================================================
  d2 N=52 eps_b= 1.00e-03 ok  ||F||= 2.19e-12 alpha=-0.36055205 vs_ref= -5.301% d_cl= +1.981% diff= +5.4064%
  d1 N=52 eps_b= 1.00e-03 ok  ||F||= 1.46e-12 alpha=-0.35563478 vs_ref= -3.865% d_cl= -4.554% diff= +3.6893%
  d1 N=52 eps_b= 6.00e-04 ok  ||F||= 5.76e-13 alpha=-0.35326079 vs_ref= -3.172% d_cl= -2.248% diff= +3.1006%
  d1 N=52 eps_b= 4.00e-04 ok  ||F||= 1.92e-12 alpha=-0.35196239 vs_ref= -2.793% d_cl= -1.128% diff= +2.7612%
  d1 N=52 eps_b= 3.00e-04 ok  ||F||= 8.71e-13 alpha=-0.35127715 vs_ref= -2.593% d_cl= -0.580% diff= +2.5776%
  d1 N=52 eps_b= 2.00e-04 ok  ||F||= 3.08e-13 alpha=-0.35056326 vs_ref= -2.384% d_cl= -0.043% diff= +2.3831%
  d1 N=52 eps_b= 1.50e-04 ok  ||F||= 1.27e-12 alpha=-0.35019416 vs_ref= -2.276% d_cl= +0.221% diff= +2.2813%
  d1 N=52 eps_b= 1.00e-04 ok  ||F||= 9.75e-13 alpha=-0.34981605 vs_ref= -2.166% d_cl= +0.482% diff= +2.1763%
  d1 N=52 eps_b= 7.00e-05 ok  ||F||= 1.19e-12 alpha=-0.34958453 vs_ref= -2.098% d_cl= +0.636% diff= +2.1116%
  d1 N=52 eps_b= 5.00e-05 ok  ||F||= 6.15e-13 alpha=-0.34942812 vs_ref= -2.053% d_cl= +0.739% diff= +2.0677%
  d1 N=52 eps_b= 3.00e-05 ok  ||F||= 6.32e-13 alpha=-0.34927000 vs_ref= -2.006% d_cl= +0.840% diff= +2.0233%
  d1 N=52 eps_b= 2.00e-05 ok  ||F||= 1.54e-12 alpha=-0.34919028 vs_ref= -1.983% d_cl= +0.891% diff= +2.0008%
  d1 N=52 eps_b= 1.00e-05 ok  ||F||= 1.19e-12 alpha=-0.34911010 vs_ref= -1.960% d_cl= +0.941% diff= +1.9781%
  N=52: eps_b->0  linear=-0.34903108 (-1.937%)  quadratic=-0.34902957 (-1.936%)  [extrap err bar ~ 1.51e-06]

==========================================================================
SUMMARY  (d1 + eps_b -> 0)
   N  reached eps_b  alpha(min eps)    lin extrap   quad extrap  vs ref (lin)
  28       1.00e-05     -0.33134549   -0.33133082   -0.33133077       +3.233%
  36       1.00e-05     -0.35106854   -0.35108229   -0.35108207       -2.536%
  44       1.00e-05     -0.33159695   -0.33156463   -0.33156449       +3.165%
  52       1.00e-05     -0.34911010   -0.34903108   -0.34902957       -1.937%

  N-spread of the eps_b->0 extrapolations: 1.975e-02   (d2/eps_b=1e-3 baseline was 2.27e-2; d1 alone was 1.9e-3 on 2 rows)
  reference alpha = -0.34240009
