N=36  a0=-0.34240009  mu = 2+a0 = 1.65759991   g(last) = 1.000000e+00

  -Db2 (Dirichlet interior) eigenvalues, first 8:
    computed     4.01021   16.04082   36.09185   64.16329  100.25514  144.36739  196.50006  256.65315
    (2j)^2       4.00000   16.00000   36.00000   64.00000  100.00000  144.00000  196.00000  256.00000
    sqrt         2.00255    4.00510    6.00765    8.01020   10.01275   12.01530   14.01785   16.02040
    lam_+ = 2j - mu   +0.3449  +2.3475  +4.3500  +6.3526  +8.3551 +10.3577
    lam_- = -2j - mu  -3.6601  -5.6627  -7.6652  -9.6678 -11.6703 -13.6729

  => 8/8 of the '+' branches GROW. slowest growth e^{+0.3449 xi} = r^{+0.3449}

  converged: ||F||=2.25e-13 alpha=-0.34210807   mid-beta column (b=0.8206)
        xi            r           Ot           Bt           Pt      dPt/dxi
     8.637    5.637e+03     1.465423     3.410191     1.629838   2.7499e-03
     9.718    1.662e+04     1.458996     3.485257     1.632122   1.6029e-03
    10.822    5.011e+04     1.452973     3.537975     1.633514   9.8074e-04
    11.939    1.532e+05     1.447842     3.574471     1.634392   6.2301e-04
    13.061    4.702e+05     1.443785     3.599458     1.634959   4.0522e-04
    14.178    1.437e+06     1.440743     3.616426     1.635329   2.6885e-04
    15.282    4.332e+06     1.438548     3.627889     1.635575   1.8086e-04
    16.363    1.277e+07     1.436999     3.635616     1.635737   1.2330e-04
    17.413    3.650e+07     1.435923     3.640827     1.635846   8.5474e-05
    18.423    1.003e+08     1.435180     3.644350     1.635918   5.9622e-05
    19.386    2.626e+08     1.434669     3.646744     1.635967   4.2899e-05
    20.294    6.507e+08     1.434315     3.648382     1.636000   3.0355e-05
    21.138    1.514e+09     1.434070     3.649511     1.636022   2.2935e-05
    21.913    3.288e+09     1.433899     3.650296     1.636037   1.6003e-05
    22.613    6.616e+09     1.433779     3.650846     1.636047   1.2928e-05
    23.231    1.227e+10     1.433694     3.651234     1.636054   8.3053e-06
    23.762    2.088e+10     1.433633     3.651508     1.636058   7.4859e-06
    24.203    3.245e+10     1.433591     3.651700     1.636060   3.7757e-06
    24.550    4.589e+10     1.433562     3.651832     1.636062   4.2777e-06
    24.799    5.890e+10     1.433543     3.651918     1.636062   1.0321e-06
    24.950    6.847e+10     1.433533     3.651966     1.636063   2.4054e-06
    25.000    7.200e+10     1.433529     3.651982     1.636063   3.6441e-14
    25.000    7.200e+10     1.433529     3.651982     1.636063   3.6441e-14   <- d_xi Pt PINNED to 0 here
  tail  Ot: log|F - F(20)| slope = -0.44998   (a0 = -0.34240,  2-mu = +0.34240)
  tail  Bt: log|F - F(20)| slope = -0.47962   (a0 = -0.34240,  2-mu = +0.34240)
  tail  Pt: log|F - F(20)| slope = -0.49085   (a0 = -0.34240,  2-mu = +0.34240)
