
=== N=16  (class 0 mod 16) ========================================
  d1 eps_b=1.0e-03 alpha=-0.31436163 ||F||=8.85e-15
  eps_b=6.0e-04 alpha=-0.31422433 vs_ref=+8.229%
  eps_b=3.0e-04 alpha=-0.31411955 vs_ref=+8.260%
  eps_b=1.0e-04 alpha=-0.31404886 vs_ref=+8.280%
  eps_b=3.0e-05 alpha=-0.31402396 vs_ref=+8.287%
  eps_b=1.0e-05 alpha=-0.31401683 vs_ref=+8.290%
  N=16: eps_b->0 = -0.31401335  (+8.291%)  class 0

=== N=20  (class 4 mod 16) ========================================
  d1 warm failed ||F||=9.79e-03

=== N=24  (class 8 mod 16) ========================================
  d1 eps_b=1.0e-03 alpha=-0.31478755 ||F||=1.64e-14
  eps_b=6.0e-04 alpha=-0.31445456 vs_ref=+8.162%
  eps_b=3.0e-04 alpha=-0.31420090 vs_ref=+8.236%
  eps_b=1.0e-04 alpha=-0.31402992 vs_ref=+8.286%
  eps_b=3.0e-05 alpha=-0.31396971 vs_ref=+8.303%
  eps_b=1.0e-05 alpha=-0.31395248 vs_ref=+8.308%
  N=24: eps_b->0 = -0.31394405  (+8.311%)  class 8

=== N=32  (class 0 mod 16) ========================================
  d2 anchor failed ||F||=4.22e-02

=== N=40  (class 8 mod 16) ========================================
  d1 eps_b=1.0e-03 alpha=-0.33118085 ||F||=2.63e-13
  eps_b=6.0e-04 alpha=-0.33053342 vs_ref=+3.466%
  eps_b=3.0e-04 alpha=-0.33001577 vs_ref=+3.617%
  eps_b=1.0e-04 alpha=-0.32965195 vs_ref=+3.723%
  eps_b=3.0e-05 alpha=-0.32952061 vs_ref=+3.762%
  eps_b=1.0e-05 alpha=-0.32948268 vs_ref=+3.773%
  N=40: eps_b->0 = -0.32946582  (+3.778%)  class 8

=== N=48  (class 0 mod 16) ========================================
  d1 eps_b=1.0e-03 alpha=-0.34255747 ||F||=6.60e-13
  eps_b=6.0e-04 alpha=-0.34043967 vs_ref=+0.573%
  eps_b=3.0e-04 alpha=-0.33880548 vs_ref=+1.050%
  eps_b=1.0e-04 alpha=-0.33768926 vs_ref=+1.376%
  eps_b=3.0e-05 alpha=-0.33729292 vs_ref=+1.492%
  eps_b=1.0e-05 alpha=-0.33717911 vs_ref=+1.525%
  N=48: eps_b->0 = -0.33712518  (+1.541%)  class 0

============================================================
PARITY STRUCTURE (this fill)
  N= 16 class  0: alpha=-0.31401335 (+8.291%)
  N= 24 class  8: alpha=-0.31394405 (+8.311%)
  N= 40 class  8: alpha=-0.32946582 (+3.778%)
  N= 48 class  0: alpha=-0.33712518 (+1.541%)

  reference alpha = -0.34240009
