
=== N=18  (class 2 mod 16) ========================================
  d1 eps_b=1.0e-03 alpha=-0.31122899 ||F||=2.85e-15
  eps_b=6.0e-04 alpha=-0.31110679 vs_ref=+9.139%
  eps_b=3.0e-04 alpha=-0.31101253 vs_ref=+9.167%
  eps_b=1.0e-04 alpha=-0.31094842 vs_ref=+9.186%
  eps_b=3.0e-05 alpha=-0.31092574 vs_ref=+9.192%
  eps_b=1.0e-05 alpha=-0.31091924 vs_ref=+9.194%
  N=18: eps_b->0 = -0.31091612  (+9.195%)  class 2

=== N=22  (class 6 mod 16) ========================================
  d1 eps_b=1.0e-03 alpha=-0.31107122 ||F||=1.05e-14
  eps_b=6.0e-04 alpha=-0.31088728 vs_ref=+9.204%
  eps_b=3.0e-04 alpha=-0.31074529 vs_ref=+9.245%
  eps_b=1.0e-04 alpha=-0.31064870 vs_ref=+9.273%
  eps_b=3.0e-05 alpha=-0.31061453 vs_ref=+9.283%
  eps_b=1.0e-05 alpha=-0.31060473 vs_ref=+9.286%
  N=22: eps_b->0 = -0.31060002  (+9.287%)  class 6

=== N=26  (class 10 mod 16) ========================================
  d1 eps_b=1.0e-03 alpha=-0.32251788 ||F||=4.09e-14
  eps_b=6.0e-04 alpha=-0.32191175 vs_ref=+5.984%
  eps_b=3.0e-04 alpha=-0.32144672 vs_ref=+6.120%
  eps_b=1.0e-04 alpha=-0.32113170 vs_ref=+6.212%
  eps_b=3.0e-05 alpha=-0.32102051 vs_ref=+6.244%
  eps_b=1.0e-05 alpha=-0.32098865 vs_ref=+6.253%
  N=26: eps_b->0 = -0.32097321  (+6.258%)  class 10

=== N=30  (class 14 mod 16) ========================================
  d1 eps_b=1.0e-03 alpha=-0.35725195 ||F||=6.10e-14
  eps_b=6.0e-04 alpha=-0.35715665 vs_ref=-4.310%
  eps_b=3.0e-04 alpha=-0.35707679 vs_ref=-4.286%
  eps_b=1.0e-04 alpha=-0.35701953 vs_ref=-4.270%
  eps_b=3.0e-05 alpha=-0.35699872 vs_ref=-4.264%
  eps_b=1.0e-05 alpha=-0.35699270 vs_ref=-4.262%
  N=30: eps_b->0 = -0.35699009  (-4.261%)  class 14

=== N=34  (class 2 mod 16) ========================================
  d2 anchor failed ||F||=2.48e-02

=== N=38  (class 6 mod 16) ========================================
  d2 anchor failed ||F||=1.14e-02

=== N=42  (class 10 mod 16) ========================================
  d1 eps_b=1.0e-03 alpha=-0.33234841 ||F||=6.62e-13
  eps_b=6.0e-04 alpha=-0.33143790 vs_ref=+3.202%
  eps_b=3.0e-04 alpha=-0.33072586 vs_ref=+3.410%
  eps_b=1.0e-04 alpha=-0.33023419 vs_ref=+3.553%
  eps_b=3.0e-05 alpha=-0.33005849 vs_ref=+3.604%
  eps_b=1.0e-05 alpha=-0.33000793 vs_ref=+3.619%
  N=42: eps_b->0 = -0.32998455  (+3.626%)  class 10

=== N=46  (class 14 mod 16) ========================================
  d1 eps_b=1.0e-03 alpha=-0.33795165 ||F||=4.34e-13
  eps_b=6.0e-04 alpha=-0.33636461 vs_ref=+1.763%
