ground ramp-route control: seed a=-0.34471229 TH0=1.79819132
  outer 0: a=-0.3447122874
    t=1.79819132 cl=3.00543774 h_id=-1.061e-03 ||F||=4.3e-13
    t=1.79755703 cl=3.00437422 h_id=-1.064e-03 ||F||=1.1e-12
    t=2.02112253 cl=3.37937410 h_id=+1.445e-04 ||F||=8.0e-12
    t=1.99437915 cl=3.33451591 h_id=+9.172e-08 ||F||=1.2e-12
    t=1.99436216 cl=3.33448742 h_id=-1.160e-09 ||F||=1.1e-12
    t=1.99436237 cl=3.33448778 h_id=+4.974e-14 ||F||=1.8e-12
  -> t*=1.99436237  cl=3.33448778  cw=-1.14976334  alpha=-0.3448095829
  outer 1: a=-0.3448095829
    t=1.99436237 cl=3.33448788 h_id=+1.041e-07 ||F||=1.9e-12
    t=1.99436244 cl=3.33448799 h_id=+1.045e-07 ||F||=2.1e-12
    t=1.99434334 cl=3.33445595 h_id=+4.266e-11 ||F||=8.7e-13
  -> t*=1.99434334  cl=3.33445595  cw=-1.14975231  alpha=-0.3448095672
  outer 2: a=-0.3448095672
    t=1.99434334 cl=3.33445595 h_id=+2.591e-11 ||F||=8.4e-13
  -> t*=1.99434334  cl=3.33445595  cw=-1.14975231  alpha=-0.3448095672

========== GROUND CONTROL (conditioned route) ==========
TH*            : 1.99434334   (REF 1.79819132, dTH = +1.961520e-01)
cl*            : 3.33445595   2TH*/WX = 3.33445595
identity       : +2.591e-11
alpha*         : -0.3448095672
alpha_pinned   : -0.34471229   dalpha = -9.727720e-05
||F||          : 8.411e-13

gates: |dTH|<=6.5e-4 FAIL (1.962e-01)   |dalpha|<=1e-6 FAIL (9.728e-05)   |dalpha|<=1e-5 FAIL
G1(conditioned) VERDICT: FAIL
