A. THE N LADDER at XMAX=25, eps_b=1e-3   (was: -0.341876 / -0.342108 / -0.337819 / -0.360552)
  N  XMAX   eps_b  cnv      ||F||      openF   axisRMS         alpha    vs ref      d_cl       diff          steps
 28  25.0   1e-03  yes  2.535e-14  6.491e-03  3.43e-02   -0.34187584   +0.153%   +9.129%   -0.1671% [5, 3, 2, 2, 2
 36  25.0   1e-03  yes  5.865e-14  5.910e-03  3.55e-02   -0.34210807   +0.085%   +1.885%   -0.0869% [4, 3, 2, 2, 2
 44  25.0   1e-03  yes  3.110e-13  5.760e-03  3.82e-02   -0.33781927   +1.338%   +3.710%   -1.3875% [6, 3, 2, 2, 2
 52  25.0   1e-03  yes  3.229e-13  5.528e-03  3.99e-02   -0.36055205   -5.301%   +1.981%   +5.4064% [13, 4, 2, 2, 

B. THE XMAX LADDER at N=36  (was: 15 ok / 20 ok / 25 ok / 32 STALL / 40 COLLAPSE)
  N  XMAX   eps_b  cnv      ||F||      openF   axisRMS         alpha    vs ref      d_cl       diff          steps
 36  15.0   1e-03  yes  7.556e-13  7.494e-03  4.50e-02   -0.34268742   -0.084%   +3.053%   +0.0865% [4, 3, 2, 2, 1
 36  20.0   1e-03  yes  1.033e-13  6.445e-03  3.87e-02   -0.33168576   +3.129%   +4.652%   -3.2747% [11, 4, 2, 2, 
 36  25.0   1e-03  yes  5.865e-14  5.910e-03  3.55e-02   -0.34210807   +0.085%   +1.885%   -0.0869% [4, 3, 2, 2, 2
 36  32.0   1e-03   NO  3.194e-02   zero Newton steps -> the returned alpha would have been the SEED's

C. THE eps_b LADDER at N=36, XMAX=25  (was: ONLY 1e-3 converged)
  N  XMAX   eps_b  cnv      ||F||      openF   axisRMS         alpha    vs ref      d_cl       diff          steps
 36  25.0   1e-02  yes  4.337e-13  4.781e-02  2.87e-01   -0.43253442  -26.324%  -71.421%   +7.5232% [21, 4, 2, 2, 
 36  25.0   3e-03  yes  3.200e-13  2.278e-02  1.37e-01   -0.33117688   +3.278%  +10.697%   -3.6284% [21, 4, 2, 2, 
 36  25.0   1e-03  yes  9.876e-14  7.259e-03  4.36e-02   -0.34633840   -1.150%   +1.340%   +1.1656% [7, 4, 3, 3, 2
 36  25.0   1e-03  yes  5.865e-14  5.910e-03  3.55e-02   -0.34210807   +0.085%   +1.885%   -0.0869% [4, 3, 2, 2, 2
 36  25.0   6e-04  yes  4.388e-13  3.210e-03  1.93e-02   -0.33029847   +3.534%   +3.604%   -3.6617% [9, 6, 4, 3, 3
 36  25.0   1e-04   NO  1.284e-02   zero Newton steps -> the returned alpha would have been the SEED's
 36  25.0   1e-05   NO  7.271e-03   zero Newton steps -> the returned alpha would have been the SEED's

D. THE PHANTOM.  shipped code returned alpha=-0.34240009311696556 at ||F||=1.77e-2 here.
  N  XMAX   eps_b  cnv      ||F||      openF   axisRMS         alpha    vs ref      d_cl       diff          steps
 28  22.0   1e-03   NO  1.768e-02   zero Newton steps -> the returned alpha would have been the SEED's

reference alpha = -0.34240009   c_l* = 3.00649824   c_w* = -1.02942527
