IMAGINARY AXIS  (eps at which the pseudospectrum reaches Re z = 0)
   z=+0.00+0.00i   ||R||=2.5188e+02  1/||R||=3.9701e-03  refine=7.5e-10  [20.9s, LU 19.5s, 22 it]
   z=+0.00+0.25i   ||R||=2.5220e+02  1/||R||=3.9651e-03  refine=1.1e-10  [22.0s, LU 19.4s, 40 it]
   z=+0.00+0.50i   ||R||=2.5270e+02  1/||R||=3.9572e-03  refine=3.7e-11  [21.0s, LU 18.9s, 34 it]
   z=+0.00+0.75i   ||R||=2.5214e+02  1/||R||=3.9661e-03  refine=1.7e-10  [19.5s, LU 18.9s, 10 it]
   z=+0.00+1.00i   ||R||=2.5232e+02  1/||R||=3.9632e-03  refine=8.2e-11  [20.4s, LU 18.9s, 24 it]
   z=+0.00+1.50i   ||R||=2.5203e+02  1/||R||=3.9679e-03  refine=9.0e-11  [19.4s, LU 18.8s, 8 it]
   z=+0.00+2.00i   ||R||=2.5209e+02  1/||R||=3.9669e-03  refine=5.6e-11  [19.2s, LU 18.8s, 6 it]
   z=+0.00+3.00i   ||R||=2.5238e+02  1/||R||=3.9623e-03  refine=2.7e-11  [19.3s, LU 18.8s, 6 it]
   z=+0.00+4.00i   ||R||=2.5294e+02  1/||R||=3.9535e-03  refine=2.1e-11  [19.3s, LU 18.9s, 6 it]
   z=+0.00+6.00i   ||R||=2.4588e+02  1/||R||=4.0670e-03  refine=5.8e-12  [19.4s, LU 19.0s, 6 it]
   MIN over the sampled imaginary axis: 1/||R|| = 3.9535e-03 at y=4.0

RIGHT HALF PLANE -- Kreiss constant  K = sup_{Re z>0} Re(z)||R(z)||
   z=+0.10   ||R||=1.9479e+02   Re(z)||R||=1.9479e+01   [19.8s]
   z=+0.25   ||R||=1.3914e+02   Re(z)||R||=3.4784e+01   [21.4s]
   z=+0.50   ||R||=1.1130e+02   Re(z)||R||=5.5651e+01   [19.7s]
   z=+1.00   ||R||=7.8338e+01   Re(z)||R||=7.8338e+01   [19.3s]
   z=+2.00   ||R||=4.4774e+01   Re(z)||R||=8.9548e+01   [19.3s]
   z=+4.00   ||R||=2.0685e+01   Re(z)||R||=8.2741e+01   [19.2s]
   z=+8.00   ||R||=8.0299e+00   Re(z)||R||=6.4240e+01   [19.4s]
   K >= 8.9548e+01   =>   sup_t ||e^(tL)|| >= 8.9548e+01   (Kreiss lower bound)
