============================================================================================
Q3  PSEUDOSPECTRAL PICTURE  --  where the resolvent is largest
============================================================================================

[A] sigma_min on the imaginary axis, ||L|| = 1.1125e+03
             y      sigma_min      ||R(iy)||
          0.00   3.970084e-03   2.518838e+02
          0.40   3.933476e-03   2.542281e+02
          1.00   3.963178e-03   2.523228e+02
          2.00   3.966867e-03   2.520881e+02
          4.00   3.953453e-03   2.529435e+02
          6.00   4.067027e-03   2.458798e+02
          8.00   4.034107e-03   2.478864e+02
         10.00   4.187085e-03   2.388296e+02
         20.00   8.038399e-03   1.244029e+02
         50.00   3.669903e-02   2.724867e+01
        100.00   4.789575e-01   2.087868e+00
        200.00   2.012655e+01   4.968562e-02
        400.00   1.289263e+02   7.756371e-03
        800.00   4.181673e+02   2.391387e-03
    argmin 0.400i -> 3.933476e-03;  flat plateau: sigma_min stays within 3.40% of its min over y in [0,6]

[B] sigma_min on the imaginary axis, ||L|| = 2.4540e+03
             y      sigma_min      ||R(iy)||
          0.00   3.084387e-03   3.242135e+02
          0.40   3.245943e-03   3.080769e+02
          1.00   3.443442e-03   2.904071e+02
          2.00   4.145788e-03   2.412087e+02
          4.00   4.143669e-03   2.413320e+02
          6.00   4.228688e-03   2.364800e+02
          8.00   4.196303e-03   2.383050e+02
         10.00   4.304986e-03   2.322888e+02
         20.00   4.212614e-03   2.373823e+02
         50.00   1.972793e-02   5.068954e+01
        100.00   1.348373e-01   7.416346e+00
        200.00   3.242562e+00   3.083981e-01
        400.00   6.045857e+01   1.654025e-02
        800.00   2.377930e+02   4.205338e-03
    argmin 0.000i -> 3.084387e-03;  flat plateau: sigma_min stays within 37.10% of its min over y in [0,6]

[A] SPEC WINDOW Re in [-2,2] x Im in [0,2] (81x41): eps-contours, rightmost Re reached
             eps   rightmost Re of Lambda_eps   area frac
      1.0000e-11                          nan      0.0000
      1.0000e-10                      -1.8500      0.0175
      1.0000e-09                      -1.5500      0.0759
      1.0000e-08                      -1.1500      0.1481
      1.0000e-06                      -0.8500      0.2656
      1.0000e-04                      -0.3000      0.3839
      1.0000e-03                      -0.1500      0.4378
      3.9308e-03                      -0.0500      0.4938   <-- eps*
      3.9400e-03                       0.0000      0.4944
      1.0000e-02                       0.6000      0.6263
      3.0000e-02                       2.0000      1.0000
      1.0000e-01                       2.0000      1.0000
      3.0000e-01                       2.0000      1.0000
      1.0000e+00                       2.0000      1.0000
    min over the window = 1.890127e-11 at Re=-2.000 Im=+0.000  -> ||R|| = 5.2907e+10
    sigma_min along Im=0 (the leftward fan):
        Re= -2.00   sigma_min=1.890127e-11   ||R||=5.2907e+10
        Re= -1.50   sigma_min=1.385104e-09   ||R||=7.2197e+08
        Re= -1.00   sigma_min=8.373386e-08   ||R||=1.1943e+07
        Re= -0.50   sigma_min=2.001978e-05   ||R||=4.9951e+04
        Re= -0.25   sigma_min=2.370568e-04   ||R||=4.2184e+03
        Re= +0.00   sigma_min=3.970111e-03   ||R||=2.5188e+02
        Re= +0.25   sigma_min=7.184304e-03   ||R||=1.3919e+02
        Re= +0.50   sigma_min=8.984482e-03   ||R||=1.1130e+02
        Re= +1.00   sigma_min=1.276527e-02   ||R||=7.8338e+01
        Re= +2.00   sigma_min=2.233447e-02   ||R||=4.4774e+01

[A] COARSE RHP h=20  29x57  Re in [0,560] Im in [0,1120]
    min overall = 3.970121e-03;  min on the Re=0 column = 3.970121e-03;  min over Re>0 = 5.310725e-01
    -> AXIS carries the RHP minimum (no interior local max of ||R||)
    Kreiss from this grid: K >= 3.765964e+01 at z=(20+0j)

[A] NEAR-AXIS BAND h=0.5  33x121  Re in [0,16] Im in [0,60]
    min overall = 3.945902e-03;  min on the Re=0 column = 3.945902e-03;  min over Re>0 = 8.984494e-03
    -> AXIS carries the RHP minimum (no interior local max of ||R||)
    Kreiss from this grid: K >= 8.954767e+01 at z=(2+0j)

============================================================================================
Q4  TRANSIENT GROWTH
============================================================================================
[A]  K >= 8.965919e+01 at z = +2.150  (sigma_min = 2.397969e-02)
      Re(z)||R(z)|| on the positive real axis:
        z=    0.10   ||R||=1.947906e+02   Re(z)||R||=1.947906e+01
        z=    0.25   ||R||=1.391926e+02   Re(z)||R||=3.479814e+01
        z=    0.50   ||R||=1.113030e+02   Re(z)||R||=5.565152e+01
        z=    1.00   ||R||=7.833756e+01   Re(z)||R||=7.833756e+01
        z=    2.00   ||R||=4.477383e+01   Re(z)||R||=8.954767e+01
        z=    4.00   ||R||=2.068534e+01   Re(z)||R||=8.274137e+01
        z=    8.00   ||R||=8.029941e+00   Re(z)||R||=6.423953e+01
        z=   16.00   ||R||=2.728803e+00   Re(z)||R||=4.366085e+01
        z=   32.00   ||R||=8.348117e-01   Re(z)||R||=2.671398e+01
        z=   60.00   ||R||=2.662751e-01   Re(z)||R||=1.597651e+01
        z=  130.00   ||R||=6.195943e-02   Re(z)||R||=8.054726e+00
        z=  260.00   ||R||=1.667922e-02   Re(z)||R||=4.336597e+00
        z=  510.00   ||R||=4.951254e-03   Re(z)||R||=2.525140e+00
[B]  K >= 1.487192e+02 at z = +2.650  (sigma_min = 1.781882e-02)
      Re(z)||R(z)|| on the positive real axis:
        z=    0.10   ||R||=2.225565e+02   Re(z)||R||=2.225565e+01
        z=    0.25   ||R||=1.970180e+02   Re(z)||R||=4.925451e+01
        z=    0.50   ||R||=1.645614e+02   Re(z)||R||=8.228069e+01
        z=    1.00   ||R||=1.202695e+02   Re(z)||R||=1.202695e+02
        z=    2.00   ||R||=7.302425e+01   Re(z)||R||=1.460485e+02
        z=    4.00   ||R||=3.587261e+01   Re(z)||R||=1.434904e+02
        z=    8.00   ||R||=1.462115e+01   Re(z)||R||=1.169692e+02
        z=   16.00   ||R||=5.198941e+00   Re(z)||R||=8.318305e+01
        z=   32.00   ||R||=1.665455e+00   Re(z)||R||=5.329456e+01
        z=   60.00   ||R||=5.499992e-01   Re(z)||R||=3.299995e+01
        z=  130.00   ||R||=1.307917e-01   Re(z)||R||=1.700292e+01
        z=  260.00   ||R||=3.470554e-02   Re(z)||R||=9.023441e+00
        z=  510.00   ||R||=9.546211e-03   Re(z)||R||=4.868568e+00
