[A] loaded Lred (4758, 4758)
[A] field of values, Re range = [-5.618487e+02, +5.508533e+02]   omega(L) = +5.508533e+02   [32s]
[A] complex Schur n=4758  [93s]
[A] spectrum: max Re = -3.172658e-01   min Re = -3.808270e+01   max |Im| = 1.0992e+02
[A] 20 rightmost Schur-diagonal eigenvalues:
      -3.17265830e-01 +2.13559709e-01i
      -3.17265830e-01 -2.13559709e-01i
      -4.93151862e-01 -1.01392247e+00i
      -4.93151862e-01 +1.01392247e+00i
      -1.03115824e+00 -7.71222714e-01i
      -1.03115824e+00 +7.71222714e-01i
      -1.07494398e+00 -1.39504958e+00i
      -1.07494398e+00 +1.39504958e+00i
      -1.17547105e+00 +7.58317329e-11i
      -1.28604418e+00 +1.98837915e+00i
      -1.28604418e+00 -1.98837915e+00i
      -1.29287721e+00 +5.52156113e+00i
      -1.29287721e+00 -5.52156113e+00i
      -1.30325415e+00 +5.49916763e+00i
      -1.30325415e+00 -5.49916763e+00i
      -1.31135527e+00 -5.48205624e+00i
      -1.31135527e+00 +5.48205624e+00i
      -1.31820230e+00 +5.46783775e+00i
      -1.31820230e+00 -5.46783775e+00i
      -1.32419281e+00 -5.45557628e+00i
[A] count Re(lambda) > 0 : 0   of 4758

[A] PRODUCTION ROUTE GATE  (dense Schur sigma_min vs spectrum.py sparse LU)
      z=+0.00+0.00i   ||R|| dense=2.5188381899e+02   sparse=2.5188380000e+02   rel=7.538e-08  [52 it]
      z=+0.50+0.00i   ||R|| dense=1.1130303055e+02   sparse=1.1130303058e+02   rel=2.719e-10  [21 it]
      z=+1.00+0.00i   ||R|| dense=7.8337560088e+01   sparse=7.8337600000e+01   rel=5.095e-07  [11 it]
      z=+2.00+0.00i   ||R|| dense=4.4773834705e+01   sparse=4.4773800000e+01   rel=7.751e-07  [8 it]
      z=+0.00+1.00i   ||R|| dense=2.5232276619e+02   sparse=2.5232276633e+02   rel=5.409e-10  [44 it]
      z=+0.00+2.00i   ||R|| dense=2.5208808864e+02   sparse=2.5208800000e+02   rel=3.516e-07  [9 it]
      worst = 7.751e-07   (bar 1e-6, the sparse power iteration's own tol)  -> PASS
DONE
