==============================================================================
[G1]  QUOTIENT GATE   root A: (16, 40, 12)/Nb36 eps_b=0.0001
==============================================================================
  root: alpha = -0.34471229   h_id = -1.0605e-03   ||F||_rms = 5.843e-13   converged=True
  pencil: N = 7670   rank(E) = 4760 = n_f   n_f = 4760   dim ker(Cg) = 4758
          N - rank(E) = 2910   (+ m=2 index-2 infinities -> 2912 infinite)

  sigma_min(J)                          = 2.535593e-06   [steady root isolation, 15.1s]
  sigma_min(L | ker Cg) = 1/||R(0)||     = 3.970084e-03   [||R(0)|| = 2.518838e+02, 43 it]
  RISE FACTOR                            = x1565.7                 <-- G1 clause 1
  ||Cg w|| / ||w||,  w = Pi(random)      = 3.9117e-17   [projector removes the gauge directions]

  ||Pi v_g|| / ||v_g||                   = 0.999983       <-- G1 clause 2 AS LITERALLY WRITTEN: NOT < 1e-10
  ||J v_g||_covariant                    = 2.814e-12    (Euler theorem: 0;  all rows 2.338e-01)
  |cos(soft mode of J, v_g)|             = 0.6886
  ||L w1|| / ||w1||,  w1 = Pi v_g / |.|  = 1.207936e+01
      vs sigma_min(L|ker Cg)             = 3.970084e-03   ratio = 3043
      -> w1 is NOT a soft direction of the GENERATOR; the grading is a near-null of J,
         not of L.  Deflating it removes an admissible direction.

  PRICE OF SATISFYING CLAUSE 2 LITERALLY (deflate w1 too):
                 z      structural only         +w1 deflated   rel change
       +0.50+0.00i     1.1130303058e+02     8.9543150886e+01    1.955e-01
       +0.00+1.00i     2.5232276633e+02     2.5220546113e+02    4.649e-04

  VERDICT: G1 as redefined  -> PASS   (sigma_min rises x1566, gauge leak 3.9e-17)
           G1 clause 2 literal -> REFUSED: forcing it moves ||R(z)|| in the RHP by 19.6%
==============================================================================
[G1]  QUOTIENT GATE   root B: (24, 56, 12)/Nb36 eps_b=0.0001
==============================================================================
  root: alpha = -0.34541032   h_id = +7.7518e-05   ||F||_rms = 2.421e-10   converged=True
  pencil: N = 10262   rank(E) = 6440 = n_f   n_f = 6440   dim ker(Cg) = 6438
          N - rank(E) = 3822   (+ m=2 index-2 infinities -> 3824 infinite)

  sigma_min(J)                          = 1.789109e-06   [steady root isolation, 38.6s]
  sigma_min(L | ker Cg) = 1/||R(0)||     = 3.084387e-03   [||R(0)|| = 3.242135e+02, 23 it]
  RISE FACTOR                            = x1724.0                 <-- G1 clause 1
  ||Cg w|| / ||w||,  w = Pi(random)      = 3.0701e-17   [projector removes the gauge directions]

  ||Pi v_g|| / ||v_g||                   = 0.999992       <-- G1 clause 2 AS LITERALLY WRITTEN: NOT < 1e-10
  ||J v_g||_covariant                    = 1.103e-09    (Euler theorem: 0;  all rows 1.926e-01)
  |cos(soft mode of J, v_g)|             = 0.6888
  ||L w1|| / ||w1||,  w1 = Pi v_g / |.|  = 1.800660e+01
      vs sigma_min(L|ker Cg)             = 3.084387e-03   ratio = 5838
      -> w1 is NOT a soft direction of the GENERATOR; the grading is a near-null of J,
         not of L.  Deflating it removes an admissible direction.

  PRICE OF SATISFYING CLAUSE 2 LITERALLY (deflate w1 too):
                 z      structural only         +w1 deflated   rel change
       +0.50+0.00i     1.6456138388e+02     1.3646817181e+02    1.707e-01
       +0.00+1.00i     2.9040712213e+02     2.6127130319e+02    1.003e-01

  VERDICT: G1 as redefined  -> PASS   (sigma_min rises x1724, gauge leak 3.1e-17)
           G1 clause 2 literal -> REFUSED: forcing it moves ||R(z)|| in the RHP by 17.1%
==============================================================================
[G1]  QUOTIENT GATE   root C: (16, 40, 12)/Nb36 eps_b=5e-05
==============================================================================
  root: alpha = -0.34348610   h_id = -8.6640e-04   ||F||_rms = 3.235e-10   converged=True
  pencil: N = 7670   rank(E) = 4760 = n_f   n_f = 4760   dim ker(Cg) = 4758
          N - rank(E) = 2910   (+ m=2 index-2 infinities -> 2912 infinite)

  sigma_min(J)                          = 2.567930e-06   [steady root isolation, 15.1s]
  sigma_min(L | ker Cg) = 1/||R(0)||     = 3.926543e-03   [||R(0)|| = 2.546769e+02, 32 it]
  RISE FACTOR                            = x1529.1                 <-- G1 clause 1
  ||Cg w|| / ||w||,  w = Pi(random)      = 3.9117e-17   [projector removes the gauge directions]

  ||Pi v_g|| / ||v_g||                   = 0.999982       <-- G1 clause 2 AS LITERALLY WRITTEN: NOT < 1e-10
  ||J v_g||_covariant                    = 1.554e-09    (Euler theorem: 0;  all rows 2.359e-01)
  |cos(soft mode of J, v_g)|             = 0.6938
  ||L w1|| / ||w1||,  w1 = Pi v_g / |.|  = 1.211430e+01
      vs sigma_min(L|ker Cg)             = 3.926543e-03   ratio = 3085
      -> w1 is NOT a soft direction of the GENERATOR; the grading is a near-null of J,
         not of L.  Deflating it removes an admissible direction.

  PRICE OF SATISFYING CLAUSE 2 LITERALLY (deflate w1 too):
                 z      structural only         +w1 deflated   rel change
       +0.50+0.00i     1.1102645505e+02     8.8606967728e+01    2.019e-01
       +0.00+1.00i     2.5502381927e+02     2.5496116686e+02    2.457e-04

  VERDICT: G1 as redefined  -> PASS   (sigma_min rises x1529, gauge leak 3.9e-17)
           G1 clause 2 literal -> REFUSED: forcing it moves ||R(z)|| in the RHP by 20.2%

==============================================================================
  G1 ACROSS RESOLUTIONS  (no single-grid quote)
    root     sigma_min(J)   sigma_min(L|kerCg)       rise   ||Pi v_g||/||v_g||
       A     2.535593e-06         3.970084e-03    x1565.7             0.999983
       B     1.789109e-06         3.084387e-03    x1724.0             0.999992
       C     2.567930e-06         3.926543e-03    x1529.1             0.999982

==============================================================================
  GATES: G1[A]=PASS   G1[B]=PASS   G1[C]=PASS
==============================================================================
