
A  (16,40,12) eps_b=1e-4   N=7670 n_f=4760  alpha=-0.34471229  h_id=-1.0605e-03  ||F||_rms=5.843e-13
    ||L||_2 = 1.112468e+03   omega(L)_raw = +5.508533e+02   omega/||L|| = 0.49516
    sigma_min(L|kerCg) = 3.970084e-03   ||R(0)|| = 2.518838e+02   cond(L) = 2.8021e+05
    ||P|| = 489.8969  sin(theta_min) = 2.041246e-03   cond(Cg Bc) = 6.2603
    far-field: c_l = 3.00543774   (c_w - a0 c_l) = -2.47e-12   => max Re W_e = 0
      z=+0.0+1.0i  ||R||=2.52323e+02  eps_cross=1/||R||=3.96318e-03  rel=3.563e-06  [23s]
      z=+0.0+2.0i  ||R||=2.52088e+02  eps_cross=1/||R||=3.96687e-03  rel=3.566e-06  [23s]
      z=+1.0+0.0i  ||R||=7.83376e+01  eps_cross=1/||R||=1.27653e-02  rel=1.147e-05  [23s]
      z=+2.0+0.0i  ||R||=4.47738e+01  eps_cross=1/||R||=2.23345e-02  rel=2.008e-05  [23s]

B  (24,56,12) eps_b=1e-4   N=10262 n_f=6440  alpha=-0.34541032  h_id=+7.7518e-05  ||F||_rms=2.421e-10
    ||L||_2 = 2.453998e+03   omega(L)_raw = +1.218808e+03   omega/||L|| = 0.49666
    sigma_min(L|kerCg) = 3.084387e-03   ||R(0)|| = 3.242135e+02   cond(L) = 7.9562e+05
    ||P|| = 735.3920  sin(theta_min) = 1.359819e-03   cond(Cg Bc) = 6.2592
    far-field: c_l = 3.00657576   (c_w - a0 c_l) = +0.00e+00   => max Re W_e = 0
      z=+0.0+1.0i  ||R||=2.90407e+02  eps_cross=1/||R||=3.44344e-03  rel=1.403e-06  [61s]
      z=+0.0+2.0i  ||R||=2.41209e+02  eps_cross=1/||R||=4.14579e-03  rel=1.689e-06  [60s]
      z=+1.0+0.0i  ||R||=1.20270e+02  eps_cross=1/||R||=8.31466e-03  rel=3.388e-06  [60s]
      z=+2.0+0.0i  ||R||=7.30242e+01  eps_cross=1/||R||=1.36941e-02  rel=5.580e-06  [59s]

C  (16,40,12) eps_b=5e-5   N=7670 n_f=4760  alpha=-0.34348610  h_id=-8.6640e-04  ||F||_rms=3.235e-10
    ||L||_2 = 1.103660e+03   omega(L)_raw = +5.465627e+02   omega/||L|| = 0.49523
    sigma_min(L|kerCg) = 3.926543e-03   ||R(0)|| = 2.546769e+02   cond(L) = 2.8108e+05
    ||P|| = 484.1409  sin(theta_min) = 2.065515e-03   cond(Cg Bc) = 6.2602
    far-field: c_l = 3.00563184   (c_w - a0 c_l) = +0.00e+00   => max Re W_e = 0
      z=+0.0+1.0i  ||R||=2.55024e+02  eps_cross=1/||R||=3.92120e-03  rel=3.553e-06  [23s]
      z=+0.0+2.0i  ||R||=2.54900e+02  eps_cross=1/||R||=3.92310e-03  rel=3.555e-06  [23s]
      z=+1.0+0.0i  ||R||=7.84715e+01  eps_cross=1/||R||=1.27435e-02  rel=1.155e-05  [23s]
      z=+2.0+0.0i  ||R||=4.49965e+01  eps_cross=1/||R||=2.22239e-02  rel=2.014e-05  [23s]
