
==============================================================================
[G2]  TWO-ROUTE RESOLVENT GATE   (6,10,5)/Nb10 eps_b=1e-3  [structure]
==============================================================================
  N = 722   n_f = 378   dim ker(Cg) = 376   rank(E) = 378
  ||L|| = 5.149493e+02   sigma_min(L, full free space) = 9.5506e-16   <- rank-2 deficient by construction
                        sigma_min(L | ker Cg)         = 3.896138e-02   <- the generator's

               z     R1 vs R2 raw     R1 vs Pi(R2)   R1 vs R3 (ker Cg)     R2 vs R3
     +0.00+0.00i        8.325e-01        8.324e-01           1.757e-13    8.325e-01
     +0.30+0.00i        7.425e-11        7.425e-11           2.810e-13    7.425e-11
     -0.80+0.40i        3.047e-11        3.047e-11           2.999e-11    4.354e-12
     +0.50+0.00i        5.059e-12        5.059e-12           3.568e-13    5.412e-12

  z=0 route-2 well-posedness (8 seeds, rel diff vs R1):
      min 5.255e-01   median 8.500e-01   max 1.086e+00
      -> solve(L, f) is rank-2 singular (sigma_min = 9.55e-16); its null component is a coin flip.
      The SPEC's 3.603e-13 for this pair is one lucky draw, not a reproducible agreement.

               z    ||R(z)|| power it   ||R(z)|| dense SVD          rel
     +0.00+0.00i     2.5666439234e+01     2.5666439234e+01    1.759e-11
     +0.30+0.00i     8.5426448605e+01     8.5426448605e+01    5.107e-14
     -0.80+0.40i     6.0205092634e+03     6.0205092636e+03    2.029e-11
     +0.50+0.00i     1.6313165229e+01     1.6313165229e+01    1.408e-12

  worst well-posed disagreement = 2.999e-11   (bar 1e-8)   ->  PASS

==============================================================================
[G2b] REALIZATION GATE  -- pencil (E,J) vs compressed generator
==============================================================================
  QZ finite = 376   infinite = 346   [6.7s]
  predicted: finite = dim ker(Cg) = 376   infinite = (N - rank E) + m = 344 + 2 = 346
  |beta| separation: largest zero = 7.395e-18   smallest nonzero = 4.627e-01   ratio = 6.26e+16
  worst relative spectral mismatch = 3.734e-10   (bar 1e-8)   ->  PASS
==============================================================================
[G1]  QUOTIENT GATE   (16,40,12)/Nb36 eps_b=1e-4
==============================================================================
  root: alpha = -0.34471229   h_id = -1.0605e-03   ||F||_rms = 5.843e-13   converged=True
  pencil: N = 7670   rank(E) = 4760 = n_f   n_f = 4760   dim ker(Cg) = 4758
          N - rank(E) = 2910   (+ m=2 index-2 infinities -> 2912 infinite)

  sigma_min(J)                          = 2.535593e-06   [steady root isolation, 15.1s]
  sigma_min(L | ker Cg) = 1/||R(0)||     = 3.970084e-03   [||R(0)|| = 2.518838e+02, 43 it]
  RISE FACTOR                            = x1565.7                 <-- G1 clause 1
  ||Cg w|| / ||w||,  w = Pi(random)      = 3.9117e-17   [projector removes the gauge directions]

  ||Pi v_g|| / ||v_g||                   = 0.999983       <-- G1 clause 2 AS LITERALLY WRITTEN: NOT < 1e-10
  ||J v_g||_covariant                    = 2.814e-12    (Euler theorem: 0;  all rows 2.338e-01)
  |cos(soft mode of J, v_g)|             = 0.6886
  ||L w1|| / ||w1||,  w1 = Pi v_g / |.|  = 1.207936e+01
      vs sigma_min(L|ker Cg)             = 3.970084e-03   ratio = 3043
      -> w1 is NOT a soft direction of the GENERATOR; the grading is a near-null of J,
         not of L.  Deflating it removes an admissible direction.

  PRICE OF SATISFYING CLAUSE 2 LITERALLY (deflate w1 too):
                 z      structural only         +w1 deflated   rel change
       +0.50+0.00i     1.1130303058e+02     8.9543150886e+01    1.955e-01
       +0.00+1.00i     2.5232276633e+02     2.5220546113e+02    4.649e-04

  VERDICT: G1 as redefined  -> PASS   (sigma_min rises x1566, gauge leak 3.9e-17)
           G1 clause 2 literal -> REFUSED: forcing it moves ||R(z)|| in the RHP by 19.6%

==============================================================================
  GATES: G2=PASS   G2b=PASS   G1=PASS
==============================================================================
